------------------------------------------------------------
Timing Analyzer Summary
------------------------------------------------------------

Type  : Slow 1100mV 85C Model Setup 'CLOCK_50'
Slack : -9.492
TNS   : -4294.990

Type  : Slow 1100mV 85C Model Hold 'CLOCK_50'
Slack : 0.492
TNS   : 0.000

Type  : Slow 1100mV 85C Model Recovery 'KEY[1]'
Slack : -4.076
TNS   : -8.149

Type  : Slow 1100mV 85C Model Recovery 'KEY[0]'
Slack : -3.871
TNS   : -3.871

Type  : Slow 1100mV 85C Model Removal 'KEY[0]'
Slack : 1.262
TNS   : 0.000

Type  : Slow 1100mV 85C Model Removal 'KEY[1]'
Slack : 1.384
TNS   : 0.000

Type  : Slow 1100mV 85C Model Minimum Pulse Width 'CLOCK_50'
Slack : -0.538
TNS   : -539.403

Type  : Slow 1100mV 85C Model Minimum Pulse Width 'KEY[1]'
Slack : -0.538
TNS   : -1.713

Type  : Slow 1100mV 85C Model Minimum Pulse Width 'KEY[0]'
Slack : -0.538
TNS   : -0.903

Type  : Slow 1100mV 0C Model Setup 'CLOCK_50'
Slack : -9.607
TNS   : -4190.418

Type  : Slow 1100mV 0C Model Hold 'CLOCK_50'
Slack : 0.528
TNS   : 0.000

Type  : Slow 1100mV 0C Model Recovery 'KEY[1]'
Slack : -4.253
TNS   : -8.503

Type  : Slow 1100mV 0C Model Recovery 'KEY[0]'
Slack : -4.024
TNS   : -4.024

Type  : Slow 1100mV 0C Model Removal 'KEY[0]'
Slack : 1.394
TNS   : 0.000

Type  : Slow 1100mV 0C Model Removal 'KEY[1]'
Slack : 1.493
TNS   : 0.000

Type  : Slow 1100mV 0C Model Minimum Pulse Width 'CLOCK_50'
Slack : -0.538
TNS   : -477.848

Type  : Slow 1100mV 0C Model Minimum Pulse Width 'KEY[1]'
Slack : -0.538
TNS   : -1.732

Type  : Slow 1100mV 0C Model Minimum Pulse Width 'KEY[0]'
Slack : -0.538
TNS   : -0.916

Type  : Fast 1100mV 85C Model Setup 'CLOCK_50'
Slack : -4.550
TNS   : -1978.544

Type  : Fast 1100mV 85C Model Hold 'CLOCK_50'
Slack : 0.191
TNS   : 0.000

Type  : Fast 1100mV 85C Model Recovery 'KEY[1]'
Slack : -1.551
TNS   : -3.101

Type  : Fast 1100mV 85C Model Recovery 'KEY[0]'
Slack : -1.454
TNS   : -1.454

Type  : Fast 1100mV 85C Model Removal 'KEY[0]'
Slack : 0.386
TNS   : 0.000

Type  : Fast 1100mV 85C Model Removal 'KEY[1]'
Slack : 0.396
TNS   : 0.000

Type  : Fast 1100mV 85C Model Minimum Pulse Width 'KEY[1]'
Slack : -0.471
TNS   : -2.033

Type  : Fast 1100mV 85C Model Minimum Pulse Width 'CLOCK_50'
Slack : -0.410
TNS   : -276.842

Type  : Fast 1100mV 85C Model Minimum Pulse Width 'KEY[0]'
Slack : -0.359
TNS   : -1.045

Type  : Fast 1100mV 0C Model Setup 'CLOCK_50'
Slack : -4.014
TNS   : -1713.196

Type  : Fast 1100mV 0C Model Hold 'CLOCK_50'
Slack : 0.182
TNS   : 0.000

Type  : Fast 1100mV 0C Model Recovery 'KEY[1]'
Slack : -1.346
TNS   : -2.691

Type  : Fast 1100mV 0C Model Recovery 'KEY[0]'
Slack : -1.262
TNS   : -1.262

Type  : Fast 1100mV 0C Model Removal 'KEY[0]'
Slack : 0.311
TNS   : 0.000

Type  : Fast 1100mV 0C Model Removal 'KEY[1]'
Slack : 0.338
TNS   : 0.000

Type  : Fast 1100mV 0C Model Minimum Pulse Width 'KEY[1]'
Slack : -0.524
TNS   : -2.344

Type  : Fast 1100mV 0C Model Minimum Pulse Width 'CLOCK_50'
Slack : -0.446
TNS   : -329.929

Type  : Fast 1100mV 0C Model Minimum Pulse Width 'KEY[0]'
Slack : -0.431
TNS   : -1.324

------------------------------------------------------------
